[2021-05-27 15:35:52] Request: 
open_dataset(ds_id=esacci.AEROSOL.mon.L3C.AER_PRODUCTS.AATSR.Envisat.ORAC.04-01-.r1, store_id=cci-store, time_range=None, var_names=['AOD870_mean', 'AOD870_sdev'], region=None)

Traceback (most recent call last):
  File "/home/users/tfincke/Projects/xcube-cci/xcube_cci/dataaccess.py", line 108, in describe_data
    return self._get_data_descriptor_from_metadata(data_id, ds_metadata)
  File "/home/users/tfincke/Projects/xcube-cci/xcube_cci/dataaccess.py", line 130, in _get_data_descriptor_from_metadata
    var_descriptors = self._get_variable_descriptors(dataset_info['var_names'], var_infos)
  File "/home/users/tfincke/Projects/xcube-cci/xcube_cci/dataaccess.py", line 180, in _get_variable_descriptors
    VariableDescriptor(var_name, var_dtype, var_dims, attrs=var_info)
  File "/home/users/tfincke/Projects/xcube/xcube/core/store/descriptor.py", line 265, in __init__
    assert_not_none(dims, 'dims')
  File "/home/users/tfincke/Projects/xcube/xcube/util/assertions.py", line 28, in assert_not_none
    raise ValueError(f'{name or _DEFAULT_NAME} must not be None')
ValueError: dims must not be None

During handling of the above exception, another exception occurred:

Traceback (most recent call last):
  File "test_cci_data_support.py", line 350, in test_open_ds
    dataset = open_dataset(ds_id=data_id,
  File "/home/users/tfincke/Projects/cate/cate/core/op.py", line 216, in __call__
    return_value = self._wrapped_op(**input_values)
  File "/home/users/tfincke/Projects/cate/cate/ops/io.py", line 85, in open_dataset
    ds, ds_id = cate.core.ds.open_dataset(dataset_id=ds_id,
  File "/home/users/tfincke/Projects/cate/cate/core/ds.py", line 400, in open_dataset
    open_schema = data_store.get_open_data_params_schema(dataset_id, opener_id)
  File "/home/users/tfincke/Projects/xcube-cci/xcube_cci/dataaccess.py", line 482, in get_open_data_params_schema
    return self._get_opener(opener_id=opener_id).get_open_data_params_schema(data_id)
  File "/home/users/tfincke/Projects/xcube-cci/xcube_cci/dataaccess.py", line 203, in get_open_data_params_schema
    dsd = self.describe_data(data_id)
  File "/home/users/tfincke/Projects/xcube-cci/xcube_cci/dataaccess.py", line 110, in describe_data
    raise DataStoreError(f'Cannot describe metadata. "{data_id}" does not seem to be a valid identifier.')
xcube.core.store.error.DataStoreError: Cannot describe metadata. "esacci.AEROSOL.mon.L3C.AER_PRODUCTS.AATSR.Envisat.ORAC.04-01-.r1" does not seem to be a valid identifier.
[2021-05-27 15:43:51] Request: 
open_dataset(ds_id=esacci.AEROSOL.mon.L3C.AER_PRODUCTS.AATSR.Envisat.ORAC.04-01-.r1, store_id=cci-store, time_range=None, var_names=['time_mean', 'AOD1600_upperquartile'], region=None)

Traceback (most recent call last):
  File "/home/users/tfincke/Projects/xcube-cci/xcube_cci/dataaccess.py", line 108, in describe_data
    return self._get_data_descriptor_from_metadata(data_id, ds_metadata)
  File "/home/users/tfincke/Projects/xcube-cci/xcube_cci/dataaccess.py", line 130, in _get_data_descriptor_from_metadata
    var_descriptors = self._get_variable_descriptors(dataset_info['var_names'], var_infos)
  File "/home/users/tfincke/Projects/xcube-cci/xcube_cci/dataaccess.py", line 180, in _get_variable_descriptors
    VariableDescriptor(var_name, var_dtype, var_dims, attrs=var_info)
  File "/home/users/tfincke/Projects/xcube/xcube/core/store/descriptor.py", line 265, in __init__
    assert_not_none(dims, 'dims')
  File "/home/users/tfincke/Projects/xcube/xcube/util/assertions.py", line 28, in assert_not_none
    raise ValueError(f'{name or _DEFAULT_NAME} must not be None')
ValueError: dims must not be None

During handling of the above exception, another exception occurred:

Traceback (most recent call last):
  File "test_cci_data_support.py", line 350, in test_open_ds
    dataset = open_dataset(ds_id=data_id,
  File "/home/users/tfincke/Projects/cate/cate/core/op.py", line 216, in __call__
    return_value = self._wrapped_op(**input_values)
  File "/home/users/tfincke/Projects/cate/cate/ops/io.py", line 85, in open_dataset
    ds, ds_id = cate.core.ds.open_dataset(dataset_id=ds_id,
  File "/home/users/tfincke/Projects/cate/cate/core/ds.py", line 400, in open_dataset
    open_schema = data_store.get_open_data_params_schema(dataset_id, opener_id)
  File "/home/users/tfincke/Projects/xcube-cci/xcube_cci/dataaccess.py", line 482, in get_open_data_params_schema
    return self._get_opener(opener_id=opener_id).get_open_data_params_schema(data_id)
  File "/home/users/tfincke/Projects/xcube-cci/xcube_cci/dataaccess.py", line 203, in get_open_data_params_schema
    dsd = self.describe_data(data_id)
  File "/home/users/tfincke/Projects/xcube-cci/xcube_cci/dataaccess.py", line 110, in describe_data
    raise DataStoreError(f'Cannot describe metadata. "{data_id}" does not seem to be a valid identifier.')
xcube.core.store.error.DataStoreError: Cannot describe metadata. "esacci.AEROSOL.mon.L3C.AER_PRODUCTS.AATSR.Envisat.ORAC.04-01-.r1" does not seem to be a valid identifier.
[2021-05-27 15:52:30] Request: 
open_dataset(ds_id=esacci.AEROSOL.mon.L3C.AER_PRODUCTS.AATSR.Envisat.ORAC.04-01-.r1, store_id=cci-store, time_range=None, var_names=['surface_reflectance670_sdev', 'surface_reflectance550_median'], region=None)

Traceback (most recent call last):
  File "/home/users/tfincke/Projects/xcube-cci/xcube_cci/dataaccess.py", line 108, in describe_data
    return self._get_data_descriptor_from_metadata(data_id, ds_metadata)
  File "/home/users/tfincke/Projects/xcube-cci/xcube_cci/dataaccess.py", line 130, in _get_data_descriptor_from_metadata
    var_descriptors = self._get_variable_descriptors(dataset_info['var_names'], var_infos)
  File "/home/users/tfincke/Projects/xcube-cci/xcube_cci/dataaccess.py", line 180, in _get_variable_descriptors
    VariableDescriptor(var_name, var_dtype, var_dims, attrs=var_info)
  File "/home/users/tfincke/Projects/xcube/xcube/core/store/descriptor.py", line 265, in __init__
    assert_not_none(dims, 'dims')
  File "/home/users/tfincke/Projects/xcube/xcube/util/assertions.py", line 28, in assert_not_none
    raise ValueError(f'{name or _DEFAULT_NAME} must not be None')
ValueError: dims must not be None

During handling of the above exception, another exception occurred:

Traceback (most recent call last):
  File "test_cci_data_support.py", line 353, in test_open_ds
    dataset = open_dataset(ds_id=data_id,
  File "/home/users/tfincke/Projects/cate/cate/core/op.py", line 216, in __call__
    return_value = self._wrapped_op(**input_values)
  File "/home/users/tfincke/Projects/cate/cate/ops/io.py", line 85, in open_dataset
    ds, ds_id = cate.core.ds.open_dataset(dataset_id=ds_id,
  File "/home/users/tfincke/Projects/cate/cate/core/ds.py", line 400, in open_dataset
    open_schema = data_store.get_open_data_params_schema(dataset_id, opener_id)
  File "/home/users/tfincke/Projects/xcube-cci/xcube_cci/dataaccess.py", line 482, in get_open_data_params_schema
    return self._get_opener(opener_id=opener_id).get_open_data_params_schema(data_id)
  File "/home/users/tfincke/Projects/xcube-cci/xcube_cci/dataaccess.py", line 203, in get_open_data_params_schema
    dsd = self.describe_data(data_id)
  File "/home/users/tfincke/Projects/xcube-cci/xcube_cci/dataaccess.py", line 110, in describe_data
    raise DataStoreError(f'Cannot describe metadata. "{data_id}" does not seem to be a valid identifier.')
xcube.core.store.error.DataStoreError: Cannot describe metadata. "esacci.AEROSOL.mon.L3C.AER_PRODUCTS.AATSR.Envisat.ORAC.04-01-.r1" does not seem to be a valid identifier.
[2021-05-27 16:20:46] Request: 
open_dataset(ds_id=esacci.AEROSOL.mon.L3C.AER_PRODUCTS.AATSR.Envisat.ORAC.04-01-.r1, store_id=cci-store, time_range=None, var_names=['REFF_median', 'AOD550_median'], region=None)

Traceback (most recent call last):
  File "/home/users/tfincke/Projects/xcube-cci/xcube_cci/dataaccess.py", line 108, in describe_data
    return self._get_data_descriptor_from_metadata(data_id, ds_metadata)
  File "/home/users/tfincke/Projects/xcube-cci/xcube_cci/dataaccess.py", line 130, in _get_data_descriptor_from_metadata
    var_descriptors = self._get_variable_descriptors(dataset_info['var_names'], var_infos)
  File "/home/users/tfincke/Projects/xcube-cci/xcube_cci/dataaccess.py", line 180, in _get_variable_descriptors
    VariableDescriptor(var_name, var_dtype, var_dims, attrs=var_info)
  File "/home/users/tfincke/Projects/xcube/xcube/core/store/descriptor.py", line 265, in __init__
    assert_not_none(dims, 'dims')
  File "/home/users/tfincke/Projects/xcube/xcube/util/assertions.py", line 28, in assert_not_none
    raise ValueError(f'{name or _DEFAULT_NAME} must not be None')
ValueError: dims must not be None

During handling of the above exception, another exception occurred:

Traceback (most recent call last):
  File "test_cci_data_support.py", line 356, in test_open_ds
    dataset = open_dataset(ds_id=data_id,
  File "/home/users/tfincke/Projects/cate/cate/core/op.py", line 216, in __call__
    return_value = self._wrapped_op(**input_values)
  File "/home/users/tfincke/Projects/cate/cate/ops/io.py", line 85, in open_dataset
    ds, ds_id = cate.core.ds.open_dataset(dataset_id=ds_id,
  File "/home/users/tfincke/Projects/cate/cate/core/ds.py", line 400, in open_dataset
    open_schema = data_store.get_open_data_params_schema(dataset_id, opener_id)
  File "/home/users/tfincke/Projects/xcube-cci/xcube_cci/dataaccess.py", line 482, in get_open_data_params_schema
    return self._get_opener(opener_id=opener_id).get_open_data_params_schema(data_id)
  File "/home/users/tfincke/Projects/xcube-cci/xcube_cci/dataaccess.py", line 203, in get_open_data_params_schema
    dsd = self.describe_data(data_id)
  File "/home/users/tfincke/Projects/xcube-cci/xcube_cci/dataaccess.py", line 110, in describe_data
    raise DataStoreError(f'Cannot describe metadata. "{data_id}" does not seem to be a valid identifier.')
xcube.core.store.error.DataStoreError: Cannot describe metadata. "esacci.AEROSOL.mon.L3C.AER_PRODUCTS.AATSR.Envisat.ORAC.04-01-.r1" does not seem to be a valid identifier.
