[2021-06-15 10:44:05] Request: 
open_dataset(ds_id=esacci.PERMAFROST.yr.L4.PFR.multi-sensor.multi-platform.ERA5_MODISLST_BIASCORRECTED.02-0.r1, store_id=cci-store, time_range=None, var_names=['PFR'], region=None)

Traceback (most recent call last):
  File "/home/tonio-bc/projects/dcs4cop/xcube-cci/xcube_cci/dataaccess.py", line 108, in describe_data
    return self._get_data_descriptor_from_metadata(data_id, ds_metadata)
  File "/home/tonio-bc/projects/dcs4cop/xcube-cci/xcube_cci/dataaccess.py", line 130, in _get_data_descriptor_from_metadata
    var_descriptors = self._get_variable_descriptors(dataset_info['var_names'], var_infos)
  File "/home/tonio-bc/projects/dcs4cop/xcube-cci/xcube_cci/dataaccess.py", line 180, in _get_variable_descriptors
    VariableDescriptor(var_name, var_dtype, var_dims, attrs=var_info)
  File "/home/tonio-bc/projects/dcs4cop/xcube/xcube/core/store/descriptor.py", line 265, in __init__
    assert_not_none(dims, 'dims')
  File "/home/tonio-bc/projects/dcs4cop/xcube/xcube/util/assertions.py", line 28, in assert_not_none
    raise ValueError(f'{name or _DEFAULT_NAME} must not be None')
ValueError: dims must not be None

During handling of the above exception, another exception occurred:

Traceback (most recent call last):
  File "/home/tonio-bc/projects/ccitools/cate-e2e/testing-cci-datasets/test_cci_data_support.py", line 354, in test_open_ds
    force_local=False)
  File "/home/tonio-bc/projects/ccitools/cate/cate/core/op.py", line 216, in __call__
    return_value = self._wrapped_op(**input_values)
  File "/home/tonio-bc/projects/ccitools/cate/cate/ops/io.py", line 92, in open_dataset
    monitor=monitor)
  File "/home/tonio-bc/projects/ccitools/cate/cate/core/ds.py", line 414, in open_dataset
    open_schema = data_store.get_open_data_params_schema(dataset_id, opener_id)
  File "/home/tonio-bc/projects/dcs4cop/xcube-cci/xcube_cci/dataaccess.py", line 469, in get_open_data_params_schema
    return self._get_opener(opener_id=opener_id).get_open_data_params_schema(data_id)
  File "/home/tonio-bc/projects/dcs4cop/xcube-cci/xcube_cci/dataaccess.py", line 203, in get_open_data_params_schema
    dsd = self.describe_data(data_id)
  File "/home/tonio-bc/projects/dcs4cop/xcube-cci/xcube_cci/dataaccess.py", line 110, in describe_data
    raise DataStoreError(f'Cannot describe metadata. "{data_id}" does not seem to be a valid identifier.')
xcube.core.store.error.DataStoreError: Cannot describe metadata. "esacci.PERMAFROST.yr.L4.PFR.multi-sensor.multi-platform.ERA5_MODISLST_BIASCORRECTED.02-0.r1" does not seem to be a valid identifier.
